Archive member included to satisfy reference by file (symbol)

/usr/lib/x86_64-linux-gnu/libc_nonshared.a(elf-init.oS)
                              /usr/lib/gcc/x86_64-linux-gnu/10/../../../x86_64-linux-gnu/Scrt1.o (__libc_csu_init)
/usr/lib/x86_64-linux-gnu/libc_nonshared.a(atexit.oS)
                              bin/doomgeneric_fbgraphics.o (atexit)

As-needed library included to satisfy reference by file (symbol)

libstdc++.so.6                bin/doomgeneric_fbgraphics.o (operator delete(void*, unsigned long)@@CXXABI_1.3.9)
libc.so.6                     bin/doomgeneric_fbgraphics.o (exit@@GLIBC_2.2.5)
libgcc_s.so.1                 bin/doomgeneric_fbgraphics.o (_Unwind_Resume@@GCC_3.0)
bin/doomgeneric_fbgraphics.o: dynamic relocation against `myargv' in read-only section `.text'

Discarded input sections

 .rodata.cst4   0x0000000000000000        0x4 /usr/lib/gcc/x86_64-linux-gnu/10/../../../x86_64-linux-gnu/Scrt1.o
 .data          0x0000000000000000        0x4 /usr/lib/gcc/x86_64-linux-gnu/10/../../../x86_64-linux-gnu/Scrt1.o
 .bss           0x0000000000000000        0x0 /usr/lib/gcc/x86_64-linux-gnu/10/../../../x86_64-linux-gnu/Scrt1.o
 .note.GNU-stack
                0x0000000000000000        0x0 /usr/lib/gcc/x86_64-linux-gnu/10/../../../x86_64-linux-gnu/Scrt1.o
 .text          0x0000000000000000        0x0 /usr/lib/gcc/x86_64-linux-gnu/10/../../../x86_64-linux-gnu/crti.o
 .data          0x0000000000000000        0x0 /usr/lib/gcc/x86_64-linux-gnu/10/../../../x86_64-linux-gnu/crti.o
 .bss           0x0000000000000000        0x0 /usr/lib/gcc/x86_64-linux-gnu/10/../../../x86_64-linux-gnu/crti.o
 .note.GNU-stack
                0x0000000000000000        0x0 /usr/lib/gcc/x86_64-linux-gnu/10/../../../x86_64-linux-gnu/crti.o
 .data          0x0000000000000000        0x0 /usr/lib/gcc/x86_64-linux-gnu/10/crtbeginS.o
 .note.GNU-stack
                0x0000000000000000        0x0 /usr/lib/gcc/x86_64-linux-gnu/10/crtbeginS.o
 .group         0x0000000000000000        0x8 bin/doomgeneric_fbgraphics.o
 .group         0x0000000000000000        0x8 bin/doomgeneric_fbgraphics.o
 .group         0x0000000000000000        0x8 bin/doomgeneric_fbgraphics.o
 .group         0x0000000000000000        0x8 bin/doomgeneric_fbgraphics.o
 .group         0x0000000000000000        0x8 bin/doomgeneric_fbgraphics.o
 .group         0x0000000000000000        0x8 bin/doomgeneric_fbgraphics.o
 .group         0x0000000000000000        0x8 bin/doomgeneric_fbgraphics.o
 .group         0x0000000000000000        0xc bin/doomgeneric_fbgraphics.o
 .group         0x0000000000000000        0xc bin/doomgeneric_fbgraphics.o
 .group         0x0000000000000000        0xc bin/doomgeneric_fbgraphics.o
 .group         0x0000000000000000        0xc bin/doomgeneric_fbgraphics.o
 .group         0x0000000000000000        0x8 bin/doomgeneric_fbgraphics.o
 .group         0x0000000000000000        0xc bin/doomgeneric_fbgraphics.o
 .group         0x0000000000000000        0xc bin/doomgeneric_fbgraphics.o
 .group         0x0000000000000000        0xc bin/doomgeneric_fbgraphics.o
 .group         0x0000000000000000        0xc bin/doomgeneric_fbgraphics.o
 .group         0x0000000000000000        0x8 bin/doomgeneric_fbgraphics.o
 .group         0x0000000000000000        0xc bin/doomgeneric_fbgraphics.o
 .group         0x0000000000000000        0xc bin/doomgeneric_fbgraphics.o
 .group         0x0000000000000000        0xc bin/doomgeneric_fbgraphics.o
 .group         0x0000000000000000        0xc bin/doomgeneric_fbgraphics.o
 .group         0x0000000000000000        0xc bin/doomgeneric_fbgraphics.o
 .group         0x0000000000000000        0xc bin/doomgeneric_fbgraphics.o
 .group         0x0000000000000000        0xc bin/doomgeneric_fbgraphics.o
 .group         0x0000000000000000        0xc bin/doomgeneric_fbgraphics.o
 .group         0x0000000000000000        0xc bin/doomgeneric_fbgraphics.o
 .group         0x0000000000000000        0xc bin/doomgeneric_fbgraphics.o
 .group         0x0000000000000000        0xc bin/doomgeneric_fbgraphics.o
 .group         0x0000000000000000        0xc bin/doomgeneric_fbgraphics.o
 .group         0x0000000000000000        0xc bin/doomgeneric_fbgraphics.o
 .group         0x0000000000000000        0xc bin/doomgeneric_fbgraphics.o
 .group         0x0000000000000000        0xc bin/doomgeneric_fbgraphics.o
 .group         0x0000000000000000        0xc bin/doomgeneric_fbgraphics.o
 .group         0x0000000000000000        0xc bin/doomgeneric_fbgraphics.o
 .group         0x0000000000000000        0xc bin/doomgeneric_fbgraphics.o
 .group         0x0000000000000000        0xc bin/doomgeneric_fbgraphics.o
 .group         0x0000000000000000        0xc bin/doomgeneric_fbgraphics.o
 .group         0x0000000000000000        0xc bin/doomgeneric_fbgraphics.o
 .group         0x0000000000000000        0xc bin/doomgeneric_fbgraphics.o
 .group         0x0000000000000000        0xc bin/doomgeneric_fbgraphics.o
 .group         0x0000000000000000        0xc bin/doomgeneric_fbgraphics.o
 .group         0x0000000000000000        0xc bin/doomgeneric_fbgraphics.o
 .group         0x0000000000000000        0xc bin/doomgeneric_fbgraphics.o
 .group         0x0000000000000000        0xc bin/doomgeneric_fbgraphics.o
 .group         0x0000000000000000        0xc bin/doomgeneric_fbgraphics.o
 .group         0x0000000000000000        0xc bin/doomgeneric_fbgraphics.o
 .group         0x0000000000000000        0xc bin/doomgeneric_fbgraphics.o
 .group         0x0000000000000000        0xc bin/doomgeneric_fbgraphics.o
 .group         0x0000000000000000        0xc bin/doomgeneric_fbgraphics.o
 .group         0x0000000000000000        0xc bin/doomgeneric_fbgraphics.o
 .group         0x0000000000000000        0xc bin/doomgeneric_fbgraphics.o
 .group         0x0000000000000000        0xc bin/doomgeneric_fbgraphics.o
 .group         0x0000000000000000        0xc bin/doomgeneric_fbgraphics.o
 .group         0x0000000000000000        0xc bin/doomgeneric_fbgraphics.o
 .group         0x0000000000000000        0xc bin/doomgeneric_fbgraphics.o
 .group         0x0000000000000000        0xc bin/doomgeneric_fbgraphics.o
 .group         0x0000000000000000        0xc bin/doomgeneric_fbgraphics.o
 .group         0x0000000000000000        0xc bin/doomgeneric_fbgraphics.o
 .group         0x0000000000000000        0xc bin/doomgeneric_fbgraphics.o
 .group         0x0000000000000000        0xc bin/doomgeneric_fbgraphics.o
 .group         0x0000000000000000        0xc bin/doomgeneric_fbgraphics.o
 .group         0x0000000000000000        0xc bin/doomgeneric_fbgraphics.o
 .group         0x0000000000000000        0xc bin/doomgeneric_fbgraphics.o
 .group         0x0000000000000000        0xc bin/doomgeneric_fbgraphics.o
 .group         0x0000000000000000        0xc bin/doomgeneric_fbgraphics.o
 .group         0x0000000000000000        0xc bin/doomgeneric_fbgraphics.o
 .group         0x0000000000000000        0xc bin/doomgeneric_fbgraphics.o
 .group         0x0000000000000000        0xc bin/doomgeneric_fbgraphics.o
 .group         0x0000000000000000        0xc bin/doomgeneric_fbgraphics.o
 .group         0x0000000000000000        0xc bin/doomgeneric_fbgraphics.o
 .group         0x0000000000000000        0xc bin/doomgeneric_fbgraphics.o
 .group         0x0000000000000000        0xc bin/doomgeneric_fbgraphics.o
 .group         0x0000000000000000        0xc bin/doomgeneric_fbgraphics.o
 .group         0x0000000000000000        0xc bin/doomgeneric_fbgraphics.o
 .group         0x0000000000000000        0xc bin/doomgeneric_fbgraphics.o
 .group         0x0000000000000000        0xc bin/doomgeneric_fbgraphics.o
 .group         0x0000000000000000        0xc bin/doomgeneric_fbgraphics.o
 .group         0x0000000000000000        0xc bin/doomgeneric_fbgraphics.o
 .group         0x0000000000000000        0xc bin/doomgeneric_fbgraphics.o
 .group         0x0000000000000000        0xc bin/doomgeneric_fbgraphics.o
 .group         0x0000000000000000        0xc bin/doomgeneric_fbgraphics.o
 .group         0x0000000000000000        0xc bin/doomgeneric_fbgraphics.o
 .group         0x0000000000000000        0xc bin/doomgeneric_fbgraphics.o
 .group         0x0000000000000000        0xc bin/doomgeneric_fbgraphics.o
 .group         0x0000000000000000        0xc bin/doomgeneric_fbgraphics.o
 .group         0x0000000000000000        0xc bin/doomgeneric_fbgraphics.o
 .group         0x0000000000000000        0xc bin/doomgeneric_fbgraphics.o
 .group         0x0000000000000000        0xc bin/doomgeneric_fbgraphics.o
 .group         0x0000000000000000        0xc bin/doomgeneric_fbgraphics.o
 .group         0x0000000000000000        0xc bin/doomgeneric_fbgraphics.o
 .group         0x0000000000000000        0xc bin/doomgeneric_fbgraphics.o
 .group         0x0000000000000000        0xc bin/doomgeneric_fbgraphics.o
 .group         0x0000000000000000        0xc bin/doomgeneric_fbgraphics.o
 .group         0x0000000000000000        0xc bin/doomgeneric_fbgraphics.o
 .group         0x0000000000000000        0xc bin/doomgeneric_fbgraphics.o
 .group         0x0000000000000000        0xc bin/doomgeneric_fbgraphics.o
 .group         0x0000000000000000        0xc bin/doomgeneric_fbgraphics.o
 .group         0x0000000000000000        0xc bin/doomgeneric_fbgraphics.o
 .group         0x0000000000000000        0xc bin/doomgeneric_fbgraphics.o
 .group         0x0000000000000000        0xc bin/doomgeneric_fbgraphics.o
 .group         0x0000000000000000        0xc bin/doomgeneric_fbgraphics.o
 .group         0x0000000000000000        0xc bin/doomgeneric_fbgraphics.o
 .group         0x0000000000000000        0xc bin/doomgeneric_fbgraphics.o
 .group         0x0000000000000000        0xc bin/doomgeneric_fbgraphics.o
 .group         0x0000000000000000        0xc bin/doomgeneric_fbgraphics.o
 .group         0x0000000000000000        0xc bin/doomgeneric_fbgraphics.o
 .group         0x0000000000000000        0xc bin/doomgeneric_fbgraphics.o
 .group         0x0000000000000000        0xc bin/doomgeneric_fbgraphics.o
 .group         0x0000000000000000        0xc bin/doomgeneric_fbgraphics.o
 .group         0x0000000000000000        0xc bin/doomgeneric_fbgraphics.o
 .group         0x0000000000000000        0xc bin/doomgeneric_fbgraphics.o
 .group         0x0000000000000000        0xc bin/doomgeneric_fbgraphics.o
 .group         0x0000000000000000        0xc bin/doomgeneric_fbgraphics.o
 .group         0x0000000000000000        0xc bin/doomgeneric_fbgraphics.o
 .group         0x0000000000000000        0xc bin/doomgeneric_fbgraphics.o
 .group         0x0000000000000000        0xc bin/doomgeneric_fbgraphics.o
 .group         0x0000000000000000        0xc bin/doomgeneric_fbgraphics.o
 .group         0x0000000000000000        0xc bin/doomgeneric_fbgraphics.o
 .group         0x0000000000000000        0xc bin/doomgeneric_fbgraphics.o
 .group         0x0000000000000000        0xc bin/doomgeneric_fbgraphics.o
 .group         0x0000000000000000        0xc bin/doomgeneric_fbgraphics.o
 .group         0x0000000000000000        0xc bin/doomgeneric_fbgraphics.o
 .group         0x0000000000000000        0xc bin/doomgeneric_fbgraphics.o
 .group         0x0000000000000000        0xc bin/doomgeneric_fbgraphics.o
 .group         0x0000000000000000        0xc bin/doomgeneric_fbgraphics.o
 .group         0x0000000000000000        0xc bin/doomgeneric_fbgraphics.o
 .group         0x0000000000000000        0xc bin/doomgeneric_fbgraphics.o
 .group         0x0000000000000000        0xc bin/doomgeneric_fbgraphics.o
 .group         0x0000000000000000        0xc bin/doomgeneric_fbgraphics.o
 .group         0x0000000000000000        0xc bin/doomgeneric_fbgraphics.o
 .group         0x0000000000000000        0xc bin/doomgeneric_fbgraphics.o
 .group         0x0000000000000000        0xc bin/doomgeneric_fbgraphics.o
 .group         0x0000000000000000        0xc bin/doomgeneric_fbgraphics.o
 .group         0x0000000000000000        0xc bin/doomgeneric_fbgraphics.o
 .group         0x0000000000000000        0xc bin/doomgeneric_fbgraphics.o
 .group         0x0000000000000000        0xc bin/doomgeneric_fbgraphics.o
 .group         0x0000000000000000        0xc bin/doomgeneric_fbgraphics.o
 .group         0x0000000000000000        0xc bin/doomgeneric_fbgraphics.o
 .group         0x0000000000000000        0xc bin/doomgeneric_fbgraphics.o
 .group         0x0000000000000000        0xc bin/doomgeneric_fbgraphics.o
 .group         0x0000000000000000        0xc bin/doomgeneric_fbgraphics.o
 .group         0x0000000000000000        0xc bin/doomgeneric_fbgraphics.o
 .group         0x0000000000000000        0xc bin/doomgeneric_fbgraphics.o
 .group         0x0000000000000000        0xc bin/doomgeneric_fbgraphics.o
 .group         0x0000000000000000        0xc bin/doomgeneric_fbgraphics.o
 .group         0x0000000000000000        0xc bin/doomgeneric_fbgraphics.o
 .group         0x0000000000000000        0xc bin/doomgeneric_fbgraphics.o
 .group         0x0000000000000000        0xc bin/doomgeneric_fbgraphics.o
 .group         0x0000000000000000        0xc bin/doomgeneric_fbgraphics.o
 .group         0x0000000000000000        0xc bin/doomgeneric_fbgraphics.o
 .group         0x0000000000000000        0xc bin/doomgeneric_fbgraphics.o
 .group         0x0000000000000000        0xc bin/doomgeneric_fbgraphics.o
 .group         0x0000000000000000        0xc bin/doomgeneric_fbgraphics.o
 .group         0x0000000000000000        0xc bin/doomgeneric_fbgraphics.o
 .group         0x0000000000000000        0xc bin/doomgeneric_fbgraphics.o
 .group         0x0000000000000000        0xc bin/doomgeneric_fbgraphics.o
 .group         0x0000000000000000        0xc bin/doomgeneric_fbgraphics.o
 .group         0x0000000000000000        0xc bin/doomgeneric_fbgraphics.o
 .group         0x0000000000000000        0xc bin/doomgeneric_fbgraphics.o
 .group         0x0000000000000000        0xc bin/doomgeneric_fbgraphics.o
 .group         0x0000000000000000        0xc bin/doomgeneric_fbgraphics.o
 .group         0x0000000000000000        0xc bin/doomgeneric_fbgraphics.o
 .group         0x0000000000000000        0xc bin/doomgeneric_fbgraphics.o
 .group         0x0000000000000000        0xc bin/doomgeneric_fbgraphics.o
 .group         0x0000000000000000        0xc bin/doomgeneric_fbgraphics.o
 .group         0x0000000000000000        0xc bin/doomgeneric_fbgraphics.o
 .group         0x0000000000000000        0xc bin/doomgeneric_fbgraphics.o
 .group         0x0000000000000000        0xc bin/doomgeneric_fbgraphics.o
 .group         0x0000000000000000        0xc bin/doomgeneric_fbgraphics.o
 .group         0x0000000000000000        0xc bin/doomgeneric_fbgraphics.o
 .group         0x0000000000000000        0xc bin/doomgeneric_fbgraphics.o
 .group         0x0000000000000000        0xc bin/doomgeneric_fbgraphics.o
 .group         0x0000000000000000        0xc bin/doomgeneric_fbgraphics.o
 .group         0x0000000000000000        0xc bin/doomgeneric_fbgraphics.o
 .group         0x0000000000000000        0xc bin/doomgeneric_fbgraphics.o
 .group         0x0000000000000000        0xc bin/doomgeneric_fbgraphics.o
 .group         0x0000000000000000        0xc bin/doomgeneric_fbgraphics.o
 .group         0x0000000000000000        0xc bin/doomgeneric_fbgraphics.o
 .group         0x0000000000000000        0xc bin/doomgeneric_fbgraphics.o
 .group         0x0000000000000000        0xc bin/doomgeneric_fbgraphics.o
 .group         0x0000000000000000        0xc bin/doomgeneric_fbgraphics.o
 .group         0x0000000000000000        0xc bin/doomgeneric_fbgraphics.o
 .group         0x0000000000000000        0xc bin/doomgeneric_fbgraphics.o
 .group         0x0000000000000000        0xc bin/doomgeneric_fbgraphics.o
 .group         0x0000000000000000        0xc bin/doomgeneric_fbgraphics.o
 .group         0x0000000000000000        0xc bin/doomgeneric_fbgraphics.o
 .group         0x0000000000000000        0xc bin/doomgeneric_fbgraphics.o
 .group         0x0000000000000000        0xc bin/doomgeneric_fbgraphics.o
 .group         0x0000000000000000        0xc bin/doomgeneric_fbgraphics.o
 .group         0x0000000000000000        0xc bin/doomgeneric_fbgraphics.o
 .group         0x0000000000000000        0xc bin/doomgeneric_fbgraphics.o
 .group         0x0000000000000000        0xc bin/doomgeneric_fbgraphics.o
 .group         0x0000000000000000        0xc bin/doomgeneric_fbgraphics.o
 .group         0x0000000000000000        0xc bin/doomgeneric_fbgraphics.o
 .group         0x0000000000000000        0xc bin/doomgeneric_fbgraphics.o
 .group         0x0000000000000000        0xc bin/doomgeneric_fbgraphics.o
 .group         0x0000000000000000        0xc bin/doomgeneric_fbgraphics.o
 .group         0x0000000000000000        0xc bin/doomgeneric_fbgraphics.o
 .group         0x0000000000000000        0xc bin/doomgeneric_fbgraphics.o
 .group         0x0000000000000000        0xc bin/doomgeneric_fbgraphics.o
 .group         0x0000000000000000        0xc bin/doomgeneric_fbgraphics.o
 .group         0x0000000000000000        0xc bin/doomgeneric_fbgraphics.o
 .group         0x0000000000000000        0xc bin/doomgeneric_fbgraphics.o
 .group         0x0000000000000000        0xc bin/doomgeneric_fbgraphics.o
 .group         0x0000000000000000        0xc bin/doomgeneric_fbgraphics.o
 .group         0x0000000000000000        0xc bin/doomgeneric_fbgraphics.o
 .group         0x0000000000000000        0xc bin/doomgeneric_fbgraphics.o
 .group         0x0000000000000000        0xc bin/doomgeneric_fbgraphics.o
 .group         0x0000000000000000        0xc bin/doomgeneric_fbgraphics.o
 .group         0x0000000000000000        0xc bin/doomgeneric_fbgraphics.o
 .group         0x0000000000000000        0xc bin/doomgeneric_fbgraphics.o
 .group         0x0000000000000000        0xc bin/doomgeneric_fbgraphics.o
 .group         0x0000000000000000        0xc bin/doomgeneric_fbgraphics.o
 .group         0x0000000000000000        0xc bin/doomgeneric_fbgraphics.o
 .group         0x0000000000000000        0xc bin/doomgeneric_fbgraphics.o
 .group         0x0000000000000000        0xc bin/doomgeneric_fbgraphics.o
 .data          0x0000000000000000        0x0 bin/doomgeneric_fbgraphics.o
 .note.GNU-stack
                0x0000000000000000        0x0 bin/doomgeneric_fbgraphics.o
 .data          0x0000000000000000        0x0 /usr/lib/x86_64-linux-gnu/libc_nonshared.a(elf-init.oS)
 .bss           0x0000000000000000        0x0 /usr/lib/x86_64-linux-gnu/libc_nonshared.a(elf-init.oS)
 .note.GNU-stack
                0x0000000000000000        0x0 /usr/lib/x86_64-linux-gnu/libc_nonshared.a(elf-init.oS)
 .data          0x0000000000000000        0x0 /usr/lib/x86_64-linux-gnu/libc_nonshared.a(atexit.oS)
 .bss           0x0000000000000000        0x0 /usr/lib/x86_64-linux-gnu/libc_nonshared.a(atexit.oS)
 .note.GNU-stack
                0x0000000000000000        0x0 /usr/lib/x86_64-linux-gnu/libc_nonshared.a(atexit.oS)
 .text          0x0000000000000000        0x0 /usr/lib/gcc/x86_64-linux-gnu/10/crtendS.o
 .data          0x0000000000000000        0x0 /usr/lib/gcc/x86_64-linux-gnu/10/crtendS.o
 .bss           0x0000000000000000        0x0 /usr/lib/gcc/x86_64-linux-gnu/10/crtendS.o
 .note.GNU-stack
                0x0000000000000000        0x0 /usr/lib/gcc/x86_64-linux-gnu/10/crtendS.o
 .text          0x0000000000000000        0x0 /usr/lib/gcc/x86_64-linux-gnu/10/../../../x86_64-linux-gnu/crtn.o
 .data          0x0000000000000000        0x0 /usr/lib/gcc/x86_64-linux-gnu/10/../../../x86_64-linux-gnu/crtn.o
 .bss           0x0000000000000000        0x0 /usr/lib/gcc/x86_64-linux-gnu/10/../../../x86_64-linux-gnu/crtn.o
 .note.GNU-stack
                0x0000000000000000        0x0 /usr/lib/gcc/x86_64-linux-gnu/10/../../../x86_64-linux-gnu/crtn.o

Memory Configuration

Name             Origin             Length             Attributes
*default*        0x0000000000000000 0xffffffffffffffff

Linker script and memory map

LOAD /usr/lib/gcc/x86_64-linux-gnu/10/../../../x86_64-linux-gnu/Scrt1.o
LOAD /usr/lib/gcc/x86_64-linux-gnu/10/../../../x86_64-linux-gnu/crti.o
LOAD /usr/lib/gcc/x86_64-linux-gnu/10/crtbeginS.o
LOAD bin/doomgeneric_fbgraphics.o
LOAD /usr/lib/gcc/x86_64-linux-gnu/10/libstdc++.so
LOAD /usr/lib/gcc/x86_64-linux-gnu/10/../../../x86_64-linux-gnu/libm.so
START GROUP
LOAD /lib/x86_64-linux-gnu/libm.so.6
LOAD /lib/x86_64-linux-gnu/libmvec.so.1
END GROUP
LOAD /usr/lib/gcc/x86_64-linux-gnu/10/../../../x86_64-linux-gnu/libc.so
START GROUP
LOAD /lib/x86_64-linux-gnu/libc.so.6
LOAD /usr/lib/x86_64-linux-gnu/libc_nonshared.a
LOAD /lib64/ld-linux-x86-64.so.2
END GROUP
LOAD /usr/lib/gcc/x86_64-linux-gnu/10/libgcc_s.so
START GROUP
LOAD /usr/lib/gcc/x86_64-linux-gnu/10/../../../x86_64-linux-gnu/libgcc_s.so.1
LOAD /usr/lib/gcc/x86_64-linux-gnu/10/libgcc.a
END GROUP
LOAD /usr/lib/gcc/x86_64-linux-gnu/10/libgcc.a
LOAD /usr/lib/gcc/x86_64-linux-gnu/10/../../../x86_64-linux-gnu/libc.so
START GROUP
LOAD /lib/x86_64-linux-gnu/libc.so.6
LOAD /usr/lib/x86_64-linux-gnu/libc_nonshared.a
LOAD /lib64/ld-linux-x86-64.so.2
END GROUP
LOAD /usr/lib/gcc/x86_64-linux-gnu/10/libgcc_s.so
START GROUP
LOAD /usr/lib/gcc/x86_64-linux-gnu/10/../../../x86_64-linux-gnu/libgcc_s.so.1
LOAD /usr/lib/gcc/x86_64-linux-gnu/10/libgcc.a
END GROUP
LOAD /usr/lib/gcc/x86_64-linux-gnu/10/libgcc.a
LOAD /usr/lib/gcc/x86_64-linux-gnu/10/crtendS.o
LOAD /usr/lib/gcc/x86_64-linux-gnu/10/../../../x86_64-linux-gnu/crtn.o
                [!provide]                        PROVIDE (__executable_start = SEGMENT_START ("text-segment", 0x0))
                0x00000000000002a8                . = (SEGMENT_START ("text-segment", 0x0) + SIZEOF_HEADERS)

.interp         0x00000000000002a8       0x1c
 *(.interp)
 .interp        0x00000000000002a8       0x1c /usr/lib/gcc/x86_64-linux-gnu/10/../../../x86_64-linux-gnu/Scrt1.o

.note.gnu.build-id
                0x00000000000002c4       0x24
 *(.note.gnu.build-id)
 .note.gnu.build-id
                0x00000000000002c4       0x24 /usr/lib/gcc/x86_64-linux-gnu/10/../../../x86_64-linux-gnu/Scrt1.o

.note.ABI-tag   0x00000000000002e8       0x20
 .note.ABI-tag  0x00000000000002e8       0x20 /usr/lib/gcc/x86_64-linux-gnu/10/../../../x86_64-linux-gnu/Scrt1.o

.hash
 *(.hash)

.gnu.hash       0x0000000000000308       0x34
 *(.gnu.hash)
 .gnu.hash      0x0000000000000308       0x34 /usr/lib/gcc/x86_64-linux-gnu/10/../../../x86_64-linux-gnu/Scrt1.o

.dynsym         0x0000000000000340      0x300
 *(.dynsym)
 .dynsym        0x0000000000000340      0x300 /usr/lib/gcc/x86_64-linux-gnu/10/../../../x86_64-linux-gnu/Scrt1.o

.dynstr         0x0000000000000640      0x30c
 *(.dynstr)
 .dynstr        0x0000000000000640      0x30c /usr/lib/gcc/x86_64-linux-gnu/10/../../../x86_64-linux-gnu/Scrt1.o

.gnu.version    0x000000000000094c       0x40
 *(.gnu.version)
 .gnu.version   0x000000000000094c       0x40 /usr/lib/gcc/x86_64-linux-gnu/10/../../../x86_64-linux-gnu/Scrt1.o

.gnu.version_d  0x0000000000000990        0x0
 *(.gnu.version_d)
 .gnu.version_d
                0x0000000000000990        0x0 /usr/lib/gcc/x86_64-linux-gnu/10/../../../x86_64-linux-gnu/Scrt1.o

.gnu.version_r  0x0000000000000990       0xb0
 *(.gnu.version_r)
 .gnu.version_r
                0x0000000000000990       0xb0 /usr/lib/gcc/x86_64-linux-gnu/10/../../../x86_64-linux-gnu/Scrt1.o

.rela.dyn       0x0000000000000a40      0x1b0
 *(.rela.init)
 *(.rela.text .rela.text.* .rela.gnu.linkonce.t.*)
 .rela.text     0x0000000000000a40       0x48 /usr/lib/gcc/x86_64-linux-gnu/10/../../../x86_64-linux-gnu/Scrt1.o
 *(.rela.fini)
 *(.rela.rodata .rela.rodata.* .rela.gnu.linkonce.r.*)
 *(.rela.data .rela.data.* .rela.gnu.linkonce.d.*)
 .rela.data.rel.ro
                0x0000000000000a88        0x0 /usr/lib/gcc/x86_64-linux-gnu/10/../../../x86_64-linux-gnu/Scrt1.o
 .rela.data.rel.local
                0x0000000000000a88       0x18 /usr/lib/gcc/x86_64-linux-gnu/10/../../../x86_64-linux-gnu/Scrt1.o
 .rela.data.rel.local.DW.ref.__gxx_personality_v0
                0x0000000000000aa0       0x18 /usr/lib/gcc/x86_64-linux-gnu/10/../../../x86_64-linux-gnu/Scrt1.o
 *(.rela.tdata .rela.tdata.* .rela.gnu.linkonce.td.*)
 *(.rela.tbss .rela.tbss.* .rela.gnu.linkonce.tb.*)
 *(.rela.ctors)
 *(.rela.dtors)
 *(.rela.got)
 .rela.got      0x0000000000000ab8       0xa8 /usr/lib/gcc/x86_64-linux-gnu/10/../../../x86_64-linux-gnu/Scrt1.o
 *(.rela.bss .rela.bss.* .rela.gnu.linkonce.b.*)
 .rela.bss      0x0000000000000b60       0x48 /usr/lib/gcc/x86_64-linux-gnu/10/../../../x86_64-linux-gnu/Scrt1.o
 *(.rela.ldata .rela.ldata.* .rela.gnu.linkonce.l.*)
 *(.rela.lbss .rela.lbss.* .rela.gnu.linkonce.lb.*)
 *(.rela.lrodata .rela.lrodata.* .rela.gnu.linkonce.lr.*)
 *(.rela.ifunc)
 .rela.ifunc    0x0000000000000ba8        0x0 /usr/lib/gcc/x86_64-linux-gnu/10/../../../x86_64-linux-gnu/Scrt1.o
 .rela.fini_array
                0x0000000000000ba8       0x18 /usr/lib/gcc/x86_64-linux-gnu/10/../../../x86_64-linux-gnu/Scrt1.o
 .rela.init_array
                0x0000000000000bc0       0x30 /usr/lib/gcc/x86_64-linux-gnu/10/../../../x86_64-linux-gnu/Scrt1.o
 .rela.eh_frame
                0x0000000000000bf0        0x0 /usr/lib/gcc/x86_64-linux-gnu/10/../../../x86_64-linux-gnu/Scrt1.o

.rela.plt       0x0000000000000bf0      0x2a0
 *(.rela.plt)
 .rela.plt      0x0000000000000bf0      0x2a0 /usr/lib/gcc/x86_64-linux-gnu/10/../../../x86_64-linux-gnu/Scrt1.o
 *(.rela.iplt)
                0x0000000000001000                . = ALIGN (CONSTANT (MAXPAGESIZE))

.init           0x0000000000001000       0x17
 *(SORT_NONE(.init))
 .init          0x0000000000001000       0x12 /usr/lib/gcc/x86_64-linux-gnu/10/../../../x86_64-linux-gnu/crti.o
                0x0000000000001000                _init
 .init          0x0000000000001012        0x5 /usr/lib/gcc/x86_64-linux-gnu/10/../../../x86_64-linux-gnu/crtn.o

.plt            0x0000000000001020      0x1d0
 *(.plt)
 .plt           0x0000000000001020      0x1d0 /usr/lib/gcc/x86_64-linux-gnu/10/../../../x86_64-linux-gnu/Scrt1.o
                0x0000000000001030                __errno_location@@GLIBC_2.2.5
                0x0000000000001040                std::chrono::_V2::system_clock::now()@@GLIBCXX_3.4.19
                0x0000000000001050                nanosleep@@GLIBC_2.2.5
                0x0000000000001060                strerror@@GLIBC_2.2.5
                0x00000000000010a0                std::__cxx11::basic_string<char, std::char_traits<char>, std::allocator<char> >::~basic_string()@@GLIBCXX_3.4.21
                0x00000000000010b0                __cxa_atexit@@GLIBC_2.2.5
                0x00000000000010c0                __isoc99_sscanf@@GLIBC_2.7
                0x00000000000010d0                std::basic_ostream<char, std::char_traits<char> >& std::operator<< <std::char_traits<char> >(std::basic_ostream<char, std::char_traits<char> >&, char const*)@@GLIBCXX_3.4
                0x00000000000010e0                operator new(unsigned long)@@GLIBCXX_3.4
                0x00000000000010f0                operator delete(void*, unsigned long)@@CXXABI_1.3.9
                0x0000000000001100                std::ostream::operator<<(std::ostream& (*)(std::ostream&))@@GLIBCXX_3.4
                0x0000000000001110                std::allocator<char>::~allocator()@@GLIBCXX_3.4
                0x0000000000001120                tcgetattr@@GLIBC_2.2.5
                0x0000000000001130                std::istream::get()@@GLIBCXX_3.4
                0x0000000000001140                exit@@GLIBC_2.2.5
                0x0000000000001170                tcsetattr@@GLIBC_2.2.5
                0x0000000000001180                std::__cxx11::basic_string<char, std::char_traits<char>, std::allocator<char> >::basic_string(char const*, std::allocator<char> const&)@@GLIBCXX_3.4.21
                0x00000000000011b0                std::ios_base::Init::Init()@@GLIBCXX_3.4
                0x00000000000011c0                _Unwind_Resume@@GCC_3.0
                0x00000000000011d0                std::allocator<char>::allocator()@@GLIBCXX_3.4
 *(.iplt)

.plt.got        0x00000000000011f0        0x8
 *(.plt.got)
 .plt.got       0x00000000000011f0        0x8 /usr/lib/gcc/x86_64-linux-gnu/10/../../../x86_64-linux-gnu/Scrt1.o
                0x00000000000011f0                __cxa_finalize@@GLIBC_2.2.5

.plt.sec
 *(.plt.sec)

.text           0x0000000000001200      0xeee
 *(.text.unlikely .text.*_unlikely .text.unlikely.*)
 *(.text.exit .text.exit.*)
 *(.text.startup .text.startup.*)
 *(.text.hot .text.hot.*)
 *(SORT_BY_NAME(.text.sorted.*))
 *(.text .stub .text.* .gnu.linkonce.t.*)
 .text          0x0000000000001200       0x2b /usr/lib/gcc/x86_64-linux-gnu/10/../../../x86_64-linux-gnu/Scrt1.o
                0x0000000000001200                _start
 *fill*         0x000000000000122b        0x5 
 .text          0x0000000000001230       0xb5 /usr/lib/gcc/x86_64-linux-gnu/10/crtbeginS.o
 .text          0x00000000000012e5      0x91d bin/doomgeneric_fbgraphics.o
                0x00000000000012e5                getChar()
                0x0000000000001668                disableRawMode()
                0x0000000000001685                enableRawMode()
                0x0000000000001726                DG_Init()
                0x0000000000001952                DG_DrawFrame()
                0x0000000000001a48                DG_SleepMs(unsigned int)
                0x0000000000001a75                DG_GetTicksMs()
                0x0000000000001ab4                DG_GetKey(int*, unsigned char*)
                0x0000000000001b34                DG_SetWindowTitle(char const*)
                0x0000000000001b7d                main
 .text._ZNKSt6chrono8durationIlSt5ratioILl1ELl1000000000EEE5countEv
                0x0000000000001c02       0x11 bin/doomgeneric_fbgraphics.o
                0x0000000000001c02                std::chrono::duration<long, std::ratio<1l, 1000000000l> >::count() const
 *fill*         0x0000000000001c13        0x1 
 .text._ZNSt6chrono8durationIlSt5ratioILl1ELl1000000000EEEC1IlvEERKT_
                0x0000000000001c14       0x1d bin/doomgeneric_fbgraphics.o
                0x0000000000001c14                std::chrono::duration<long, std::ratio<1l, 1000000000l> >::duration<long, void>(long const&)
 .text._ZNSt6chrono15duration_valuesIlE4zeroEv
                0x0000000000001c31        0xb bin/doomgeneric_fbgraphics.o
                0x0000000000001c31                std::chrono::duration_values<long>::zero()
 .text._ZNKSt6chrono10time_pointINS_3_V212system_clockENS_8durationIlSt5ratioILl1ELl1000000000EEEEE16time_since_epochEv
                0x0000000000001c3c       0x11 bin/doomgeneric_fbgraphics.o
                0x0000000000001c3c                std::chrono::time_point<std::chrono::_V2::system_clock, std::chrono::duration<long, std::ratio<1l, 1000000000l> > >::time_since_epoch() const
 *fill*         0x0000000000001c4d        0x1 
 .text._ZNKSt6chrono8durationIlSt5ratioILl1ELl1EEE5countEv
                0x0000000000001c4e       0x11 bin/doomgeneric_fbgraphics.o
                0x0000000000001c4e                std::chrono::duration<long, std::ratio<1l, 1l> >::count() const
 *fill*         0x0000000000001c5f        0x1 
 .text._ZNSt6chrono8durationIlSt5ratioILl1ELl1EEEC2IlvEERKT_
                0x0000000000001c60       0x1d bin/doomgeneric_fbgraphics.o
                0x0000000000001c60                std::chrono::duration<long, std::ratio<1l, 1l> >::duration<long, void>(long const&)
                0x0000000000001c60                std::chrono::duration<long, std::ratio<1l, 1l> >::duration<long, void>(long const&)
 *fill*         0x0000000000001c7d        0x1 
 .text._ZNSt6chrono8durationIlSt5ratioILl1ELl1000EEEC2IjvEERKT_
                0x0000000000001c7e       0x1e bin/doomgeneric_fbgraphics.o
                0x0000000000001c7e                std::chrono::duration<long, std::ratio<1l, 1000l> >::duration<unsigned int, void>(unsigned int const&)
                0x0000000000001c7e                std::chrono::duration<long, std::ratio<1l, 1000l> >::duration<unsigned int, void>(unsigned int const&)
 .text._ZNSt6chronoleIlSt5ratioILl1ELl1000EElS2_EEbRKNS_8durationIT_T0_EERKNS3_IT1_T2_EE
                0x0000000000001c9c       0x28 bin/doomgeneric_fbgraphics.o
                0x0000000000001c9c                bool std::chrono::operator<=<long, std::ratio<1l, 1000l>, long, std::ratio<1l, 1000l> >(std::chrono::duration<long, std::ratio<1l, 1000l> > const&, std::chrono::duration<long, std::ratio<1l, 1000l> > const&)
 .text._ZNSt6chrono8durationIlSt5ratioILl1ELl1000EEE4zeroEv
                0x0000000000001cc4       0x2a bin/doomgeneric_fbgraphics.o
                0x0000000000001cc4                std::chrono::duration<long, std::ratio<1l, 1000l> >::zero()
 .text._ZNSt6chrono13duration_castINS_8durationIlSt5ratioILl1ELl1EEEElS2_ILl1ELl1000EEEENSt9enable_ifIXsrNS_13__is_durationIT_EE5valueES8_E4typeERKNS1_IT0_T1_EE
                0x0000000000001cee       0x1a bin/doomgeneric_fbgraphics.o
                0x0000000000001cee                std::enable_if<std::chrono::__is_duration<std::chrono::duration<long, std::ratio<1l, 1l> > >::value, std::chrono::duration<long, std::ratio<1l, 1l> > >::type std::chrono::duration_cast<std::chrono::duration<long, std::ratio<1l, 1l> >, long, std::ratio<1l, 1000l> >(std::chrono::duration<long, std::ratio<1l, 1000l> > const&)
 .text._ZNSt6chrono13duration_castINS_8durationIlSt5ratioILl1ELl1000000000EEEElS2_ILl1ELl1000EEEENSt9enable_ifIXsrNS_13__is_durationIT_EE5valueES8_E4typeERKNS1_IT0_T1_EE
                0x0000000000001d08       0x1a bin/doomgeneric_fbgraphics.o
                0x0000000000001d08                std::enable_if<std::chrono::__is_duration<std::chrono::duration<long, std::ratio<1l, 1000000000l> > >::value, std::chrono::duration<long, std::ratio<1l, 1000000000l> > >::type std::chrono::duration_cast<std::chrono::duration<long, std::ratio<1l, 1000000000l> >, long, std::ratio<1l, 1000l> >(std::chrono::duration<long, std::ratio<1l, 1000l> > const&)
 .text._ZNKSt6chrono8durationIlSt5ratioILl1ELl1000EEE5countEv
                0x0000000000001d22       0x11 bin/doomgeneric_fbgraphics.o
                0x0000000000001d22                std::chrono::duration<long, std::ratio<1l, 1000l> >::count() const
 .text._ZNSt6chronomiIlSt5ratioILl1ELl1000EElS1_ILl1ELl1EEEENSt11common_typeIJNS_8durationIT_T0_EENS5_IT1_T2_EEEE4typeERKS8_RKSB_
                0x0000000000001d33       0x74 bin/doomgeneric_fbgraphics.o
                0x0000000000001d33                std::common_type<std::chrono::duration<long, std::ratio<1l, 1000l> >, std::chrono::duration<long, std::ratio<1l, 1l> > >::type std::chrono::operator-<long, std::ratio<1l, 1000l>, long, std::ratio<1l, 1l> >(std::chrono::duration<long, std::ratio<1l, 1000l> > const&, std::chrono::duration<long, std::ratio<1l, 1l> > const&)
 .text._ZNSt11this_thread9sleep_forIlSt5ratioILl1ELl1000EEEEvRKNSt6chrono8durationIT_T0_EE
                0x0000000000001da7       0xc0 bin/doomgeneric_fbgraphics.o
                0x0000000000001da7                void std::this_thread::sleep_for<long, std::ratio<1l, 1000l> >(std::chrono::duration<long, std::ratio<1l, 1000l> > const&)
 .text._ZNSt6chrono13duration_castINS_8durationIlSt5ratioILl1ELl1000EEEElS2_ILl1ELl1000000000EEEENSt9enable_ifIXsrNS_13__is_durationIT_EE5valueES8_E4typeERKNS1_IT0_T1_EE
                0x0000000000001e67       0x1a bin/doomgeneric_fbgraphics.o
                0x0000000000001e67                std::enable_if<std::chrono::__is_duration<std::chrono::duration<long, std::ratio<1l, 1000l> > >::value, std::chrono::duration<long, std::ratio<1l, 1000l> > >::type std::chrono::duration_cast<std::chrono::duration<long, std::ratio<1l, 1000l> >, long, std::ratio<1l, 1000000000l> >(std::chrono::duration<long, std::ratio<1l, 1000000000l> > const&)
 .text._ZNSt6chronoltIlSt5ratioILl1ELl1000EElS2_EEbRKNS_8durationIT_T0_EERKNS3_IT1_T2_EE
                0x0000000000001e81       0x4e bin/doomgeneric_fbgraphics.o
                0x0000000000001e81                bool std::chrono::operator< <long, std::ratio<1l, 1000l>, long, std::ratio<1l, 1000l> >(std::chrono::duration<long, std::ratio<1l, 1000l> > const&, std::chrono::duration<long, std::ratio<1l, 1000l> > const&)
 *fill*         0x0000000000001ecf        0x1 
 .text._ZNSt6chrono8durationIlSt5ratioILl1ELl1000EEEC2IlvEERKT_
                0x0000000000001ed0       0x1d bin/doomgeneric_fbgraphics.o
                0x0000000000001ed0                std::chrono::duration<long, std::ratio<1l, 1000l> >::duration<long, void>(long const&)
                0x0000000000001ed0                std::chrono::duration<long, std::ratio<1l, 1000l> >::duration<long, void>(long const&)
 .text._ZNSt6chrono20__duration_cast_implINS_8durationIlSt5ratioILl1ELl1EEEES2_ILl1ELl1000EElLb1ELb0EE6__castIlS5_EES4_RKNS1_IT_T0_EE
                0x0000000000001eed       0x59 bin/doomgeneric_fbgraphics.o
                0x0000000000001eed                std::chrono::duration<long, std::ratio<1l, 1l> > std::chrono::__duration_cast_impl<std::chrono::duration<long, std::ratio<1l, 1l> >, std::ratio<1l, 1000l>, long, true, false>::__cast<long, std::ratio<1l, 1000l> >(std::chrono::duration<long, std::ratio<1l, 1000l> > const&)
 .text._ZNSt6chrono20__duration_cast_implINS_8durationIlSt5ratioILl1ELl1000000000EEEES2_ILl1000000ELl1EElLb0ELb1EE6__castIlS2_ILl1ELl1000EEEES4_RKNS1_IT_T0_EE
                0x0000000000001f46       0x3c bin/doomgeneric_fbgraphics.o
                0x0000000000001f46                std::chrono::duration<long, std::ratio<1l, 1000000000l> > std::chrono::__duration_cast_impl<std::chrono::duration<long, std::ratio<1l, 1000000000l> >, std::ratio<1000000l, 1l>, long, false, true>::__cast<long, std::ratio<1l, 1000l> >(std::chrono::duration<long, std::ratio<1l, 1000l> > const&)
 .text._ZNSt6chrono8durationIlSt5ratioILl1ELl1000EEEC2IlS1_ILl1ELl1EEvEERKNS0_IT_T0_EE
                0x0000000000001f82       0x36 bin/doomgeneric_fbgraphics.o
                0x0000000000001f82                std::chrono::duration<long, std::ratio<1l, 1000l> >::duration<long, std::ratio<1l, 1l>, void>(std::chrono::duration<long, std::ratio<1l, 1l> > const&)
                0x0000000000001f82                std::chrono::duration<long, std::ratio<1l, 1000l> >::duration<long, std::ratio<1l, 1l>, void>(std::chrono::duration<long, std::ratio<1l, 1l> > const&)
 .text._ZNSt6chrono20__duration_cast_implINS_8durationIlSt5ratioILl1ELl1000EEEES2_ILl1ELl1000000EElLb1ELb0EE6__castIlS2_ILl1ELl1000000000EEEES4_RKNS1_IT_T0_EE
                0x0000000000001fb8       0x59 bin/doomgeneric_fbgraphics.o
                0x0000000000001fb8                std::chrono::duration<long, std::ratio<1l, 1000l> > std::chrono::__duration_cast_impl<std::chrono::duration<long, std::ratio<1l, 1000l> >, std::ratio<1l, 1000000l>, long, true, false>::__cast<long, std::ratio<1l, 1000000000l> >(std::chrono::duration<long, std::ratio<1l, 1000000000l> > const&)
 .text._ZNSt6chrono13duration_castINS_8durationIlSt5ratioILl1ELl1000EEEElS2_ILl1ELl1EEEENSt9enable_ifIXsrNS_13__is_durationIT_EE5valueES8_E4typeERKNS1_IT0_T1_EE
                0x0000000000002011       0x1a bin/doomgeneric_fbgraphics.o
                0x0000000000002011                std::enable_if<std::chrono::__is_duration<std::chrono::duration<long, std::ratio<1l, 1000l> > >::value, std::chrono::duration<long, std::ratio<1l, 1000l> > >::type std::chrono::duration_cast<std::chrono::duration<long, std::ratio<1l, 1000l> >, long, std::ratio<1l, 1l> >(std::chrono::duration<long, std::ratio<1l, 1l> > const&)
 .text._ZNSt6chrono20__duration_cast_implINS_8durationIlSt5ratioILl1ELl1000EEEES2_ILl1000ELl1EElLb0ELb1EE6__castIlS2_ILl1ELl1EEEES4_RKNS1_IT_T0_EE
                0x000000000000202b       0x3c bin/doomgeneric_fbgraphics.o
                0x000000000000202b                std::chrono::duration<long, std::ratio<1l, 1000l> > std::chrono::__duration_cast_impl<std::chrono::duration<long, std::ratio<1l, 1000l> >, std::ratio<1000l, 1l>, long, false, true>::__cast<long, std::ratio<1l, 1l> >(std::chrono::duration<long, std::ratio<1l, 1l> > const&)
 *fill*         0x0000000000002067        0x9 
 .text          0x0000000000002070       0x61 /usr/lib/x86_64-linux-gnu/libc_nonshared.a(elf-init.oS)
                0x0000000000002070                __libc_csu_init
                0x00000000000020d0                __libc_csu_fini
 *fill*         0x00000000000020d1        0xf 
 .text          0x00000000000020e0        0xe /usr/lib/x86_64-linux-gnu/libc_nonshared.a(atexit.oS)
                0x00000000000020e0                atexit
 *(.gnu.warning)

.fini           0x00000000000020f0        0x9
 *(SORT_NONE(.fini))
 .fini          0x00000000000020f0        0x4 /usr/lib/gcc/x86_64-linux-gnu/10/../../../x86_64-linux-gnu/crti.o
                0x00000000000020f0                _fini
 .fini          0x00000000000020f4        0x5 /usr/lib/gcc/x86_64-linux-gnu/10/../../../x86_64-linux-gnu/crtn.o
                [!provide]                        PROVIDE (__etext = .)
                [!provide]                        PROVIDE (_etext = .)
                [!provide]                        PROVIDE (etext = .)
                0x0000000000003000                . = ALIGN (CONSTANT (MAXPAGESIZE))
                0x0000000000003000                . = SEGMENT_START ("rodata-segment", (ALIGN (CONSTANT (MAXPAGESIZE)) + (. & (CONSTANT (MAXPAGESIZE) - 0x1))))

.rodata         0x0000000000003000      0x200
 *(.rodata .rodata.* .gnu.linkonce.r.*)
 .rodata        0x0000000000003000      0x200 bin/doomgeneric_fbgraphics.o

.rodata1
 *(.rodata1)

.eh_frame_hdr   0x0000000000003200      0x16c
 *(.eh_frame_hdr)
 .eh_frame_hdr  0x0000000000003200      0x16c /usr/lib/gcc/x86_64-linux-gnu/10/../../../x86_64-linux-gnu/Scrt1.o
                0x0000000000003200                __GNU_EH_FRAME_HDR
 *(.eh_frame_entry .eh_frame_entry.*)

.eh_frame       0x0000000000003370      0x5f8
 *(.eh_frame)
 .eh_frame      0x0000000000003370       0x30 /usr/lib/gcc/x86_64-linux-gnu/10/../../../x86_64-linux-gnu/Scrt1.o
                                         0x2c (size before relaxing)
 *fill*         0x00000000000033a0        0x0 
 .eh_frame      0x00000000000033a0       0x40 /usr/lib/gcc/x86_64-linux-gnu/10/../../../x86_64-linux-gnu/Scrt1.o
 .eh_frame      0x00000000000033e0       0x18 /usr/lib/gcc/x86_64-linux-gnu/10/../../../x86_64-linux-gnu/Scrt1.o
                                         0x30 (size before relaxing)
 .eh_frame      0x00000000000033f8      0x4f8 bin/doomgeneric_fbgraphics.o
                                        0x510 (size before relaxing)
 .eh_frame      0x00000000000038f0       0x60 /usr/lib/x86_64-linux-gnu/libc_nonshared.a(elf-init.oS)
                                         0x78 (size before relaxing)
 .eh_frame      0x0000000000003950       0x14 /usr/lib/x86_64-linux-gnu/libc_nonshared.a(atexit.oS)
                                         0x30 (size before relaxing)
 .eh_frame      0x0000000000003964        0x4 /usr/lib/gcc/x86_64-linux-gnu/10/crtendS.o
 *(.eh_frame.*)

.gcc_except_table
                0x0000000000003968       0x19
 *(.gcc_except_table .gcc_except_table.*)
 .gcc_except_table
                0x0000000000003968       0x19 bin/doomgeneric_fbgraphics.o

.gnu_extab
 *(.gnu_extab*)

.exception_ranges
 *(.exception_ranges*)
                0x0000000000004d90                . = DATA_SEGMENT_ALIGN (CONSTANT (MAXPAGESIZE), CONSTANT (COMMONPAGESIZE))

.eh_frame
 *(.eh_frame)
 *(.eh_frame.*)

.gnu_extab
 *(.gnu_extab)

.gcc_except_table
 *(.gcc_except_table .gcc_except_table.*)

.exception_ranges
 *(.exception_ranges*)

.tdata          0x0000000000004d90        0x0
                [!provide]                        PROVIDE (__tdata_start = .)
 *(.tdata .tdata.* .gnu.linkonce.td.*)

.tbss
 *(.tbss .tbss.* .gnu.linkonce.tb.*)
 *(.tcommon)

.preinit_array  0x0000000000004d90        0x0
                [!provide]                        PROVIDE (__preinit_array_start = .)
 *(.preinit_array)
                [!provide]                        PROVIDE (__preinit_array_end = .)

.init_array     0x0000000000004d90       0x10
                0x0000000000004d90                PROVIDE (__init_array_start = .)
 *(SORT_BY_INIT_PRIORITY(.init_array.*) SORT_BY_INIT_PRIORITY(.ctors.*))
 *(.init_array EXCLUDE_FILE(*crtend?.o *crtend.o *crtbegin?.o *crtbegin.o) .ctors)
 .init_array    0x0000000000004d90        0x8 /usr/lib/gcc/x86_64-linux-gnu/10/crtbeginS.o
 .init_array    0x0000000000004d98        0x8 bin/doomgeneric_fbgraphics.o
                0x0000000000004da0                PROVIDE (__init_array_end = .)

.fini_array     0x0000000000004da0        0x8
                [!provide]                        PROVIDE (__fini_array_start = .)
 *(SORT_BY_INIT_PRIORITY(.fini_array.*) SORT_BY_INIT_PRIORITY(.dtors.*))
 *(.fini_array EXCLUDE_FILE(*crtend?.o *crtend.o *crtbegin?.o *crtbegin.o) .dtors)
 .fini_array    0x0000000000004da0        0x8 /usr/lib/gcc/x86_64-linux-gnu/10/crtbeginS.o
                [!provide]                        PROVIDE (__fini_array_end = .)

.ctors
 *crtbegin.o(.ctors)
 *crtbegin?.o(.ctors)
 *(EXCLUDE_FILE(*crtend?.o *crtend.o) .ctors)
 *(SORT_BY_NAME(.ctors.*))
 *(.ctors)

.dtors
 *crtbegin.o(.dtors)
 *crtbegin?.o(.dtors)
 *(EXCLUDE_FILE(*crtend?.o *crtend.o) .dtors)
 *(SORT_BY_NAME(.dtors.*))
 *(.dtors)

.jcr
 *(.jcr)

.data.rel.ro    0x0000000000004da8        0x0
 *(.data.rel.ro.local* .gnu.linkonce.d.rel.ro.local.*)
 *(.data.rel.ro .data.rel.ro.* .gnu.linkonce.d.rel.ro.*)
 .data.rel.ro   0x0000000000004da8        0x0 /usr/lib/gcc/x86_64-linux-gnu/10/../../../x86_64-linux-gnu/Scrt1.o

.dynamic        0x0000000000004da8      0x220
 *(.dynamic)
 .dynamic       0x0000000000004da8      0x220 /usr/lib/gcc/x86_64-linux-gnu/10/../../../x86_64-linux-gnu/Scrt1.o
                0x0000000000004da8                _DYNAMIC

.got            0x0000000000004fc8       0x38
 *(.got)
 .got           0x0000000000004fc8       0x38 /usr/lib/gcc/x86_64-linux-gnu/10/../../../x86_64-linux-gnu/Scrt1.o
 *(.igot)
                0x0000000000005fe8                . = DATA_SEGMENT_RELRO_END (., (SIZEOF (.got.plt) >= 0x18)?0x18:0x0)

.got.plt        0x0000000000005000       0xf8
 *(.got.plt)
 .got.plt       0x0000000000005000       0xf8 /usr/lib/gcc/x86_64-linux-gnu/10/../../../x86_64-linux-gnu/Scrt1.o
                0x0000000000005000                _GLOBAL_OFFSET_TABLE_
 *(.igot.plt)

.data           0x00000000000050f8       0x10
 *(.data .data.* .gnu.linkonce.d.*)
 .data.rel.local
                0x00000000000050f8        0x8 /usr/lib/gcc/x86_64-linux-gnu/10/crtbeginS.o
                0x00000000000050f8                __dso_handle
 .data.rel.local.DW.ref.__gxx_personality_v0
                0x0000000000005100        0x8 bin/doomgeneric_fbgraphics.o
                0x0000000000005100                DW.ref.__gxx_personality_v0

.tm_clone_table
                0x0000000000005108        0x0
 .tm_clone_table
                0x0000000000005108        0x0 /usr/lib/gcc/x86_64-linux-gnu/10/crtbeginS.o
 .tm_clone_table
                0x0000000000005108        0x0 /usr/lib/gcc/x86_64-linux-gnu/10/crtendS.o

.data1
 *(.data1)
                0x0000000000005108                _edata = .
                [!provide]                        PROVIDE (edata = .)
                0x0000000000005108                . = .
                0x0000000000005108                __bss_start = .

.bss            0x0000000000005140      0x3f0
 *(.dynbss)
 .dynbss        0x0000000000005140      0x350 /usr/lib/gcc/x86_64-linux-gnu/10/../../../x86_64-linux-gnu/Scrt1.o
                0x0000000000005140                std::cout@@GLIBCXX_3.4
                0x0000000000005260                std::cin@@GLIBCXX_3.4
                0x0000000000005380                std::cerr@@GLIBCXX_3.4
 *(.bss .bss.* .gnu.linkonce.b.*)
 .bss           0x0000000000005490        0x1 /usr/lib/gcc/x86_64-linux-gnu/10/crtbeginS.o
 *fill*         0x0000000000005491        0xf 
 .bss           0x00000000000054a0       0x90 bin/doomgeneric_fbgraphics.o
                0x00000000000054a0                orig_termios
 *(COMMON)
                0x0000000000005530                . = ALIGN ((. != 0x0)?0x8:0x1)

.lbss
 *(.dynlbss)
 *(.lbss .lbss.* .gnu.linkonce.lb.*)
 *(LARGE_COMMON)
                0x0000000000005530                . = ALIGN (0x8)
                0x0000000000005530                . = SEGMENT_START ("ldata-segment", .)

.lrodata
 *(.lrodata .lrodata.* .gnu.linkonce.lr.*)

.ldata          0x0000000000007530        0x0
 *(.ldata .ldata.* .gnu.linkonce.l.*)
                0x0000000000007530                . = ALIGN ((. != 0x0)?0x8:0x1)
                0x0000000000007530                . = ALIGN (0x8)
                0x0000000000005530                _end = .
                [!provide]                        PROVIDE (end = .)
                0x0000000000007530                . = DATA_SEGMENT_END (.)

.stab
 *(.stab)

.stabstr
 *(.stabstr)

.stab.excl
 *(.stab.excl)

.stab.exclstr
 *(.stab.exclstr)

.stab.index
 *(.stab.index)

.stab.indexstr
 *(.stab.indexstr)

.comment        0x0000000000000000       0x27
 *(.comment)
 .comment       0x0000000000000000       0x27 /usr/lib/gcc/x86_64-linux-gnu/10/crtbeginS.o
                                         0x28 (size before relaxing)
 .comment       0x0000000000000027       0x28 bin/doomgeneric_fbgraphics.o
 .comment       0x0000000000000027       0x28 /usr/lib/gcc/x86_64-linux-gnu/10/crtendS.o

.gnu.build.attributes
 *(.gnu.build.attributes .gnu.build.attributes.*)

.debug
 *(.debug)

.line
 *(.line)

.debug_srcinfo
 *(.debug_srcinfo)

.debug_sfnames
 *(.debug_sfnames)

.debug_aranges  0x0000000000000000      0x1a0
 *(.debug_aranges)
 .debug_aranges
                0x0000000000000000      0x1a0 bin/doomgeneric_fbgraphics.o

.debug_pubnames
 *(.debug_pubnames)

.debug_info     0x0000000000000000     0x7481
 *(.debug_info .gnu.linkonce.wi.*)
 .debug_info    0x0000000000000000     0x7481 bin/doomgeneric_fbgraphics.o

.debug_abbrev   0x0000000000000000      0xc1a
 *(.debug_abbrev)
 .debug_abbrev  0x0000000000000000      0xc1a bin/doomgeneric_fbgraphics.o

.debug_line     0x0000000000000000     0x1899
 *(.debug_line .debug_line.* .debug_line_end)
 .debug_line    0x0000000000000000     0x1899 bin/doomgeneric_fbgraphics.o

.debug_frame
 *(.debug_frame)

.debug_str      0x0000000000000000    0x225ac
 *(.debug_str)
 .debug_str     0x0000000000000000    0x225ac bin/doomgeneric_fbgraphics.o
                                      0x230b7 (size before relaxing)

.debug_loc
 *(.debug_loc)

.debug_macinfo
 *(.debug_macinfo)

.debug_weaknames
 *(.debug_weaknames)

.debug_funcnames
 *(.debug_funcnames)

.debug_typenames
 *(.debug_typenames)

.debug_varnames
 *(.debug_varnames)

.debug_pubtypes
 *(.debug_pubtypes)

.debug_ranges   0x0000000000000000      0x1c0
 *(.debug_ranges)
 .debug_ranges  0x0000000000000000      0x1c0 bin/doomgeneric_fbgraphics.o

.debug_macro    0x0000000000000000     0x7378
 *(.debug_macro)
 .debug_macro   0x0000000000000000      0xe72 bin/doomgeneric_fbgraphics.o
 .debug_macro   0x0000000000000e72      0x946 bin/doomgeneric_fbgraphics.o
 .debug_macro   0x00000000000017b8       0x1c bin/doomgeneric_fbgraphics.o
 .debug_macro   0x00000000000017d4      0x166 bin/doomgeneric_fbgraphics.o
 .debug_macro   0x000000000000193a      0x2cc bin/doomgeneric_fbgraphics.o
 .debug_macro   0x0000000000001c06      0x17f bin/doomgeneric_fbgraphics.o
 .debug_macro   0x0000000000001d85       0x16 bin/doomgeneric_fbgraphics.o
 .debug_macro   0x0000000000001d9b       0x4a bin/doomgeneric_fbgraphics.o
 .debug_macro   0x0000000000001de5       0x40 bin/doomgeneric_fbgraphics.o
 .debug_macro   0x0000000000001e25       0x89 bin/doomgeneric_fbgraphics.o
 .debug_macro   0x0000000000001eae       0x1c bin/doomgeneric_fbgraphics.o
 .debug_macro   0x0000000000001eca       0x10 bin/doomgeneric_fbgraphics.o
 .debug_macro   0x0000000000001eda       0x52 bin/doomgeneric_fbgraphics.o
 .debug_macro   0x0000000000001f2c       0x67 bin/doomgeneric_fbgraphics.o
 .debug_macro   0x0000000000001f93       0xf4 bin/doomgeneric_fbgraphics.o
 .debug_macro   0x0000000000002087       0x10 bin/doomgeneric_fbgraphics.o
 .debug_macro   0x0000000000002097       0x16 bin/doomgeneric_fbgraphics.o
 .debug_macro   0x00000000000020ad      0x29f bin/doomgeneric_fbgraphics.o
 .debug_macro   0x000000000000234c      0x41a bin/doomgeneric_fbgraphics.o
 .debug_macro   0x0000000000002766       0x10 bin/doomgeneric_fbgraphics.o
 .debug_macro   0x0000000000002776       0x6c bin/doomgeneric_fbgraphics.o
 .debug_macro   0x00000000000027e2       0xd8 bin/doomgeneric_fbgraphics.o
 .debug_macro   0x00000000000028ba       0x1c bin/doomgeneric_fbgraphics.o
 .debug_macro   0x00000000000028d6       0x58 bin/doomgeneric_fbgraphics.o
 .debug_macro   0x000000000000292e       0x88 bin/doomgeneric_fbgraphics.o
 .debug_macro   0x00000000000029b6       0x76 bin/doomgeneric_fbgraphics.o
 .debug_macro   0x0000000000002a2c       0x10 bin/doomgeneric_fbgraphics.o
 .debug_macro   0x0000000000002a3c       0x10 bin/doomgeneric_fbgraphics.o
 .debug_macro   0x0000000000002a4c       0x41 bin/doomgeneric_fbgraphics.o
 .debug_macro   0x0000000000002a8d       0xee bin/doomgeneric_fbgraphics.o
 .debug_macro   0x0000000000002b7b       0x1c bin/doomgeneric_fbgraphics.o
 .debug_macro   0x0000000000002b97      0x18a bin/doomgeneric_fbgraphics.o
 .debug_macro   0x0000000000002d21       0x22 bin/doomgeneric_fbgraphics.o
 .debug_macro   0x0000000000002d43      0x712 bin/doomgeneric_fbgraphics.o
 .debug_macro   0x0000000000003455       0x10 bin/doomgeneric_fbgraphics.o
 .debug_macro   0x0000000000003465       0x16 bin/doomgeneric_fbgraphics.o
 .debug_macro   0x000000000000347b       0x97 bin/doomgeneric_fbgraphics.o
 .debug_macro   0x0000000000003512       0x52 bin/doomgeneric_fbgraphics.o
 .debug_macro   0x0000000000003564       0x4c bin/doomgeneric_fbgraphics.o
 .debug_macro   0x00000000000035b0       0x2e bin/doomgeneric_fbgraphics.o
 .debug_macro   0x00000000000035de       0x2e bin/doomgeneric_fbgraphics.o
 .debug_macro   0x000000000000360c       0x86 bin/doomgeneric_fbgraphics.o
 .debug_macro   0x0000000000003692       0x28 bin/doomgeneric_fbgraphics.o
 .debug_macro   0x00000000000036ba       0x64 bin/doomgeneric_fbgraphics.o
 .debug_macro   0x000000000000371e       0x19 bin/doomgeneric_fbgraphics.o
 .debug_macro   0x0000000000003737       0x12 bin/doomgeneric_fbgraphics.o
 .debug_macro   0x0000000000003749       0x1c bin/doomgeneric_fbgraphics.o
 .debug_macro   0x0000000000003765       0x10 bin/doomgeneric_fbgraphics.o
 .debug_macro   0x0000000000003775       0x10 bin/doomgeneric_fbgraphics.o
 .debug_macro   0x0000000000003785       0x1c bin/doomgeneric_fbgraphics.o
 .debug_macro   0x00000000000037a1       0x1c bin/doomgeneric_fbgraphics.o
 .debug_macro   0x00000000000037bd       0x4c bin/doomgeneric_fbgraphics.o
 .debug_macro   0x0000000000003809       0x22 bin/doomgeneric_fbgraphics.o
 .debug_macro   0x000000000000382b       0x10 bin/doomgeneric_fbgraphics.o
 .debug_macro   0x000000000000383b       0x46 bin/doomgeneric_fbgraphics.o
 .debug_macro   0x0000000000003881       0x20 bin/doomgeneric_fbgraphics.o
 .debug_macro   0x00000000000038a1       0x46 bin/doomgeneric_fbgraphics.o
 .debug_macro   0x00000000000038e7       0x16 bin/doomgeneric_fbgraphics.o
 .debug_macro   0x00000000000038fd       0x16 bin/doomgeneric_fbgraphics.o
 .debug_macro   0x0000000000003913       0x10 bin/doomgeneric_fbgraphics.o
 .debug_macro   0x0000000000003923       0x10 bin/doomgeneric_fbgraphics.o
 .debug_macro   0x0000000000003933       0x1c bin/doomgeneric_fbgraphics.o
 .debug_macro   0x000000000000394f       0xea bin/doomgeneric_fbgraphics.o
 .debug_macro   0x0000000000003a39       0x10 bin/doomgeneric_fbgraphics.o
 .debug_macro   0x0000000000003a49       0x11 bin/doomgeneric_fbgraphics.o
 .debug_macro   0x0000000000003a5a       0x16 bin/doomgeneric_fbgraphics.o
 .debug_macro   0x0000000000003a70       0x16 bin/doomgeneric_fbgraphics.o
 .debug_macro   0x0000000000003a86       0x20 bin/doomgeneric_fbgraphics.o
 .debug_macro   0x0000000000003aa6       0xd0 bin/doomgeneric_fbgraphics.o
 .debug_macro   0x0000000000003b76       0x5e bin/doomgeneric_fbgraphics.o
 .debug_macro   0x0000000000003bd4       0x94 bin/doomgeneric_fbgraphics.o
 .debug_macro   0x0000000000003c68       0x16 bin/doomgeneric_fbgraphics.o
 .debug_macro   0x0000000000003c7e       0x58 bin/doomgeneric_fbgraphics.o
 .debug_macro   0x0000000000003cd6      0x100 bin/doomgeneric_fbgraphics.o
 .debug_macro   0x0000000000003dd6       0x11 bin/doomgeneric_fbgraphics.o
 .debug_macro   0x0000000000003de7       0xb7 bin/doomgeneric_fbgraphics.o
 .debug_macro   0x0000000000003e9e       0x4d bin/doomgeneric_fbgraphics.o
 .debug_macro   0x0000000000003eeb       0x41 bin/doomgeneric_fbgraphics.o
 .debug_macro   0x0000000000003f2c      0x126 bin/doomgeneric_fbgraphics.o
 .debug_macro   0x0000000000004052       0x40 bin/doomgeneric_fbgraphics.o
 .debug_macro   0x0000000000004092       0x18 bin/doomgeneric_fbgraphics.o
 .debug_macro   0x00000000000040aa       0x49 bin/doomgeneric_fbgraphics.o
 .debug_macro   0x00000000000040f3       0x19 bin/doomgeneric_fbgraphics.o
 .debug_macro   0x000000000000410c       0x1c bin/doomgeneric_fbgraphics.o
 .debug_macro   0x0000000000004128       0x18 bin/doomgeneric_fbgraphics.o
 .debug_macro   0x0000000000004140       0x28 bin/doomgeneric_fbgraphics.o
 .debug_macro   0x0000000000004168       0x2e bin/doomgeneric_fbgraphics.o
 .debug_macro   0x0000000000004196       0x19 bin/doomgeneric_fbgraphics.o
 .debug_macro   0x00000000000041af       0x88 bin/doomgeneric_fbgraphics.o
 .debug_macro   0x0000000000004237       0x19 bin/doomgeneric_fbgraphics.o
 .debug_macro   0x0000000000004250       0x94 bin/doomgeneric_fbgraphics.o
 .debug_macro   0x00000000000042e4       0x10 bin/doomgeneric_fbgraphics.o
 .debug_macro   0x00000000000042f4       0x10 bin/doomgeneric_fbgraphics.o
 .debug_macro   0x0000000000004304       0x11 bin/doomgeneric_fbgraphics.o
 .debug_macro   0x0000000000004315       0x10 bin/doomgeneric_fbgraphics.o
 .debug_macro   0x0000000000004325       0x10 bin/doomgeneric_fbgraphics.o
 .debug_macro   0x0000000000004335       0x16 bin/doomgeneric_fbgraphics.o
 .debug_macro   0x000000000000434b       0x35 bin/doomgeneric_fbgraphics.o
 .debug_macro   0x0000000000004380       0x10 bin/doomgeneric_fbgraphics.o
 .debug_macro   0x0000000000004390       0x10 bin/doomgeneric_fbgraphics.o
 .debug_macro   0x00000000000043a0       0x10 bin/doomgeneric_fbgraphics.o
 .debug_macro   0x00000000000043b0      0x173 bin/doomgeneric_fbgraphics.o
 .debug_macro   0x0000000000004523       0x16 bin/doomgeneric_fbgraphics.o
 .debug_macro   0x0000000000004539       0x11 bin/doomgeneric_fbgraphics.o
 .debug_macro   0x000000000000454a       0x27 bin/doomgeneric_fbgraphics.o
 .debug_macro   0x0000000000004571       0x17 bin/doomgeneric_fbgraphics.o
 .debug_macro   0x0000000000004588       0x22 bin/doomgeneric_fbgraphics.o
 .debug_macro   0x00000000000045aa       0x46 bin/doomgeneric_fbgraphics.o
 .debug_macro   0x00000000000045f0       0x1f bin/doomgeneric_fbgraphics.o
 .debug_macro   0x000000000000460f       0xd6 bin/doomgeneric_fbgraphics.o
 .debug_macro   0x00000000000046e5      0x256 bin/doomgeneric_fbgraphics.o
 .debug_macro   0x000000000000493b       0x10 bin/doomgeneric_fbgraphics.o
 .debug_macro   0x000000000000494b       0x58 bin/doomgeneric_fbgraphics.o
 .debug_macro   0x00000000000049a3       0xb4 bin/doomgeneric_fbgraphics.o
 .debug_macro   0x0000000000004a57       0x16 bin/doomgeneric_fbgraphics.o
 .debug_macro   0x0000000000004a6d       0x10 bin/doomgeneric_fbgraphics.o
 .debug_macro   0x0000000000004a7d       0x37 bin/doomgeneric_fbgraphics.o
 .debug_macro   0x0000000000004ab4       0x5e bin/doomgeneric_fbgraphics.o
 .debug_macro   0x0000000000004b12       0x10 bin/doomgeneric_fbgraphics.o
 .debug_macro   0x0000000000004b22       0x10 bin/doomgeneric_fbgraphics.o
 .debug_macro   0x0000000000004b32       0x34 bin/doomgeneric_fbgraphics.o
 .debug_macro   0x0000000000004b66       0x4c bin/doomgeneric_fbgraphics.o
 .debug_macro   0x0000000000004bb2       0x34 bin/doomgeneric_fbgraphics.o
 .debug_macro   0x0000000000004be6       0x2e bin/doomgeneric_fbgraphics.o
 .debug_macro   0x0000000000004c14      0x11d bin/doomgeneric_fbgraphics.o
 .debug_macro   0x0000000000004d31       0x17 bin/doomgeneric_fbgraphics.o
 .debug_macro   0x0000000000004d48       0x10 bin/doomgeneric_fbgraphics.o
 .debug_macro   0x0000000000004d58       0x76 bin/doomgeneric_fbgraphics.o
 .debug_macro   0x0000000000004dce       0x16 bin/doomgeneric_fbgraphics.o
 .debug_macro   0x0000000000004de4       0x2d bin/doomgeneric_fbgraphics.o
 .debug_macro   0x0000000000004e11       0x26 bin/doomgeneric_fbgraphics.o
 .debug_macro   0x0000000000004e37       0x10 bin/doomgeneric_fbgraphics.o
 .debug_macro   0x0000000000004e47      0x172 bin/doomgeneric_fbgraphics.o
 .debug_macro   0x0000000000004fb9       0x72 bin/doomgeneric_fbgraphics.o
 .debug_macro   0x000000000000502b       0x10 bin/doomgeneric_fbgraphics.o
 .debug_macro   0x000000000000503b       0x27 bin/doomgeneric_fbgraphics.o
 .debug_macro   0x0000000000005062       0x7b bin/doomgeneric_fbgraphics.o
 .debug_macro   0x00000000000050dd       0x3c bin/doomgeneric_fbgraphics.o
 .debug_macro   0x0000000000005119       0x43 bin/doomgeneric_fbgraphics.o
 .debug_macro   0x000000000000515c       0x3c bin/doomgeneric_fbgraphics.o
 .debug_macro   0x0000000000005198       0x3c bin/doomgeneric_fbgraphics.o
 .debug_macro   0x00000000000051d4       0x3c bin/doomgeneric_fbgraphics.o
 .debug_macro   0x0000000000005210       0x3c bin/doomgeneric_fbgraphics.o
 .debug_macro   0x000000000000524c       0x3c bin/doomgeneric_fbgraphics.o
 .debug_macro   0x0000000000005288       0x74 bin/doomgeneric_fbgraphics.o
 .debug_macro   0x00000000000052fc       0x2e bin/doomgeneric_fbgraphics.o
 .debug_macro   0x000000000000532a       0x2e bin/doomgeneric_fbgraphics.o
 .debug_macro   0x0000000000005358       0x2e bin/doomgeneric_fbgraphics.o
 .debug_macro   0x0000000000005386       0x2e bin/doomgeneric_fbgraphics.o
 .debug_macro   0x00000000000053b4       0x2e bin/doomgeneric_fbgraphics.o
 .debug_macro   0x00000000000053e2       0x2e bin/doomgeneric_fbgraphics.o
 .debug_macro   0x0000000000005410       0x2e bin/doomgeneric_fbgraphics.o
 .debug_macro   0x000000000000543e       0x2e bin/doomgeneric_fbgraphics.o
 .debug_macro   0x000000000000546c       0x2e bin/doomgeneric_fbgraphics.o
 .debug_macro   0x000000000000549a       0x2e bin/doomgeneric_fbgraphics.o
 .debug_macro   0x00000000000054c8       0x2e bin/doomgeneric_fbgraphics.o
 .debug_macro   0x00000000000054f6       0x2e bin/doomgeneric_fbgraphics.o
 .debug_macro   0x0000000000005524       0xac bin/doomgeneric_fbgraphics.o
 .debug_macro   0x00000000000055d0       0x16 bin/doomgeneric_fbgraphics.o
 .debug_macro   0x00000000000055e6      0x2c0 bin/doomgeneric_fbgraphics.o
 .debug_macro   0x00000000000058a6      0x3cd bin/doomgeneric_fbgraphics.o
 .debug_macro   0x0000000000005c73       0x10 bin/doomgeneric_fbgraphics.o
 .debug_macro   0x0000000000005c83       0x10 bin/doomgeneric_fbgraphics.o
 .debug_macro   0x0000000000005c93       0x18 bin/doomgeneric_fbgraphics.o
 .debug_macro   0x0000000000005cab       0x8e bin/doomgeneric_fbgraphics.o
 .debug_macro   0x0000000000005d39       0x1c bin/doomgeneric_fbgraphics.o
 .debug_macro   0x0000000000005d55       0x10 bin/doomgeneric_fbgraphics.o
 .debug_macro   0x0000000000005d65      0x333 bin/doomgeneric_fbgraphics.o
 .debug_macro   0x0000000000006098       0x34 bin/doomgeneric_fbgraphics.o
 .debug_macro   0x00000000000060cc       0x5f bin/doomgeneric_fbgraphics.o
 .debug_macro   0x000000000000612b       0xce bin/doomgeneric_fbgraphics.o
 .debug_macro   0x00000000000061f9       0xdb bin/doomgeneric_fbgraphics.o
 .debug_macro   0x00000000000062d4       0x10 bin/doomgeneric_fbgraphics.o
 .debug_macro   0x00000000000062e4       0x46 bin/doomgeneric_fbgraphics.o
 .debug_macro   0x000000000000632a      0x11e bin/doomgeneric_fbgraphics.o
 .debug_macro   0x0000000000006448       0x34 bin/doomgeneric_fbgraphics.o
 .debug_macro   0x000000000000647c       0x6a bin/doomgeneric_fbgraphics.o
 .debug_macro   0x00000000000064e6      0x191 bin/doomgeneric_fbgraphics.o
 .debug_macro   0x0000000000006677       0x4c bin/doomgeneric_fbgraphics.o
 .debug_macro   0x00000000000066c3       0x27 bin/doomgeneric_fbgraphics.o
 .debug_macro   0x00000000000066ea       0x3c bin/doomgeneric_fbgraphics.o
 .debug_macro   0x0000000000006726      0x824 bin/doomgeneric_fbgraphics.o
 .debug_macro   0x0000000000006f4a       0x16 bin/doomgeneric_fbgraphics.o
 .debug_macro   0x0000000000006f60       0x6a bin/doomgeneric_fbgraphics.o
 .debug_macro   0x0000000000006fca       0x5e bin/doomgeneric_fbgraphics.o
 .debug_macro   0x0000000000007028       0xbe bin/doomgeneric_fbgraphics.o
 .debug_macro   0x00000000000070e6       0x70 bin/doomgeneric_fbgraphics.o
 .debug_macro   0x0000000000007156       0x82 bin/doomgeneric_fbgraphics.o
 .debug_macro   0x00000000000071d8       0x46 bin/doomgeneric_fbgraphics.o
 .debug_macro   0x000000000000721e       0x64 bin/doomgeneric_fbgraphics.o
 .debug_macro   0x0000000000007282       0x34 bin/doomgeneric_fbgraphics.o
 .debug_macro   0x00000000000072b6       0x16 bin/doomgeneric_fbgraphics.o
 .debug_macro   0x00000000000072cc       0xac bin/doomgeneric_fbgraphics.o

.debug_addr
 *(.debug_addr)

.gnu.attributes
 *(.gnu.attributes)

/DISCARD/
 *(.note.GNU-stack)
 *(.gnu_debuglink)
 *(.gnu.lto_*)
OUTPUT(DOOM elf64-x86-64)
